yarn run v1.22.22
$ playwright test --project=chromium

Running 42 tests using 1 worker

  ✓   1 [chromium] › tests/e2e/contact-validation.spec.ts:19:5 › invalid send explains errors and focuses the first field (757ms)
  ✓   2 [chromium] › tests/e2e/contact-validation.spec.ts:32:5 › whitespace-only fields and an invalid email remain invalid (362ms)
  ✓   3 [chromium] › tests/e2e/contact-validation.spec.ts:47:5 › correction preserves other errors and repeated submit announces the remainder (2.0s)
  ✓   4 [chromium] › tests/e2e/contact-validation.spec.ts:72:5 › client bounds and message limit feedback match the contact service (405ms)
  ✓   5 [chromium] › tests/e2e/graph-access.spec.ts:44:7 › invalid graph link remains usable: #node=% (1.6s)
  ✓   6 [chromium] › tests/e2e/graph-access.spec.ts:44:7 › invalid graph link remains usable: #node=%E0%A4%A (1.3s)
  ✓   7 [chromium] › tests/e2e/graph-access.spec.ts:44:7 › invalid graph link remains usable: #node=unknown (1.3s)
  ✓   8 [chromium] › tests/e2e/graph-access.spec.ts:44:7 › invalid graph link remains usable: #other (1.2s)
  ✓   9 [chromium] › tests/e2e/graph-access.spec.ts:56:5 › valid deep link survives view switches without mount history entries (4.0s)
  ✓  10 [chromium] › tests/e2e/graph-access.spec.ts:82:5 › chosen text view exposes ordinary keyboard-operable disclosures and connection navigation (650ms)
  ✓  11 [chromium] › tests/e2e/graph-access.spec.ts:109:5 › 3D tab order contains visible entry and connection controls, with no hidden list (6.8s)
  ✓  12 [chromium] › tests/e2e/graph-access.spec.ts:135:7 › denied hint storage getItem remains recoverable (2.0s)
  ✓  13 [chromium] › tests/e2e/graph-access.spec.ts:135:7 › denied hint storage setItem remains recoverable (1.7s)
  ✓  14 [chromium] › tests/e2e/graph-access.spec.ts:135:7 › denied hint storage removeItem remains recoverable (1.8s)
  ✓  15 [chromium] › tests/e2e/graph-access.spec.ts:135:7 › denied hint storage getter remains recoverable (1.8s)
  ✓  16 [chromium] › tests/e2e/graph-access.spec.ts:166:5 › unavailable WebGL overrides an explicit 3D request and preserves selection (201ms)
  ✓  17 [chromium] › tests/e2e/graph-access.spec.ts:184:5 › unknown view values use the supported default (1.2s)
  ✓  18 [chromium] › tests/e2e/graph-access.spec.ts:191:5 › browser mode navigation moves focus out of the view being removed (2.1s)
  ✓  19 [chromium] › tests/e2e/graph-access.spec.ts:208:7 › mobile graphics › slow graphics falls back to text with the selected content and persistent focus (3.6s)
  ✓  20 [chromium] › tests/e2e/graph-access.spec.ts:230:5 › unescaped valid deep links do not add a history entry during mount (624ms)
  ✓  21 [chromium] › tests/e2e/graph-access.spec.ts:242:7 › text view preserves selected detail: skill:python (147ms)
  ✓  22 [chromium] › tests/e2e/graph-access.spec.ts:242:7 › text view preserves selected detail: job:tillster-it-strategic-analyst (147ms)
  ✓  23 [chromium] › tests/e2e/graph-access.spec.ts:248:5 › selection-only history recovers focus from disappearing text connections (261ms)
  ✓  24 [chromium] › tests/e2e/graph-access.spec.ts:269:5 › selection-only history recovers text connection focus when deselecting (1.6s)
  ✓  25 [chromium] › tests/e2e/graph-access.spec.ts:286:7 › selection-only history keeps focus on a persistent entry control (243ms)
  ✓  26 [chromium] › tests/e2e/graph-access.spec.ts:286:7 › selection-only history keeps focus on a persistent mode control (228ms)
  ✓  27 [chromium] › tests/e2e/homepage.spec.ts:4:7 › homepage fits 320px (316ms)
  ✓  28 [chromium] › tests/e2e/homepage.spec.ts:4:7 › homepage fits 390px (328ms)
  ✓  29 [chromium] › tests/e2e/homepage.spec.ts:4:7 › homepage fits 430px (349ms)
  ✓  30 [chromium] › tests/e2e/homepage.spec.ts:20:5 › homepage fits with 200% text (439ms)
  ✓  31 [chromium] › tests/e2e/motion.spec.ts:40:5 › particles clear on live reduction and resume with one draw per frame (1.7s)
  ✓  32 [chromium] › tests/e2e/motion.spec.ts:95:5 › an initially reduced visit keeps particles clear and menu usable without sliding (632ms)
  ✓  33 [chromium] › tests/e2e/motion.spec.ts:110:5 › live reduction immediately exposes pending reveals and disables menu movement (727ms)
  ✓  34 [chromium] › tests/e2e/motion.spec.ts:135:5 › particles retain offscreen and background visibility gates across preference changes (1.3s)
  ✓  35 [chromium] › tests/e2e/navigation.spec.ts:3:5 › campaign links retain one homepage identity (351ms)
  ✓  36 [chromium] › tests/e2e/navigation.spec.ts:10:5 › graph state retains one graph page identity (146ms)
  ✓  37 [chromium] › tests/e2e/navigation.spec.ts:17:5 › the architecture card opens a real local image (1.8s)
  ✓  38 [chromium] › tests/e2e/navigation.spec.ts:36:5 › portfolio keeps project destinations usable without publishing unapproved disclosures (402ms)
  ✓  39 [chromium] › tests/e2e/navigation.spec.ts:48:5 › homepage separates experience navigation from the PDF download (464ms)
  ✓  40 [chromium] › tests/e2e/navigation.spec.ts:59:5 › graph offers the same named PDF download (204ms)
  ✓  41 [chromium] › tests/e2e/navigation.spec.ts:69:7 › / footer returns to the current page's top (2.3s)
  ✓  42 [chromium] › tests/e2e/navigation.spec.ts:69:7 › /stats footer returns to the current page's top (360ms)

  42 passed (51.7s)
Done in 52.21s.
