yarn run v1.22.22
$ playwright test --project=chromium

Running 22 tests using 1 worker

(node:68906) Warning: The 'NO_COLOR' env is ignored due to the 'FORCE_COLOR' env being set.
(Use `node --trace-warnings ...` to show where the warning was created)
  ✓   1 [chromium] › tests/e2e/graph-access.spec.ts:44:7 › invalid graph link remains usable: #node=% (1.8s)
  ✓   2 [chromium] › tests/e2e/graph-access.spec.ts:44:7 › invalid graph link remains usable: #node=%E0%A4%A (1.3s)
  ✓   3 [chromium] › tests/e2e/graph-access.spec.ts:44:7 › invalid graph link remains usable: #node=unknown (1.3s)
  ✓   4 [chromium] › tests/e2e/graph-access.spec.ts:44:7 › invalid graph link remains usable: #other (1.3s)
  ✓   5 [chromium] › tests/e2e/graph-access.spec.ts:56:5 › valid deep link survives view switches without mount history entries (4.2s)
  ✓   6 [chromium] › tests/e2e/graph-access.spec.ts:82:5 › chosen text view exposes ordinary keyboard-operable disclosures and connection navigation (709ms)
  ✓   7 [chromium] › tests/e2e/graph-access.spec.ts:109:5 › 3D tab order contains visible entry and connection controls, with no hidden list (8.4s)
  ✓   8 [chromium] › tests/e2e/graph-access.spec.ts:135:7 › denied hint storage getItem remains recoverable (2.1s)
  ✓   9 [chromium] › tests/e2e/graph-access.spec.ts:135:7 › denied hint storage setItem remains recoverable (2.1s)
  ✓  10 [chromium] › tests/e2e/graph-access.spec.ts:135:7 › denied hint storage removeItem remains recoverable (2.1s)
  ✓  11 [chromium] › tests/e2e/graph-access.spec.ts:135:7 › denied hint storage getter remains recoverable (2.0s)
  ✓  12 [chromium] › tests/e2e/graph-access.spec.ts:166:5 › unavailable WebGL overrides an explicit 3D request and preserves selection (201ms)
  ✓  13 [chromium] › tests/e2e/graph-access.spec.ts:184:5 › unknown view values use the supported default (1.3s)
  ✓  14 [chromium] › tests/e2e/graph-access.spec.ts:191:5 › browser mode navigation moves focus out of the view being removed (2.4s)
  ✓  15 [chromium] › tests/e2e/graph-access.spec.ts:208:7 › mobile graphics › slow graphics falls back to text with the selected content and persistent focus (3.7s)
  ✓  16 [chromium] › tests/e2e/graph-access.spec.ts:230:5 › unescaped valid deep links do not add a history entry during mount (747ms)
  ✓  17 [chromium] › tests/e2e/graph-access.spec.ts:242:7 › text view preserves selected detail: skill:python (170ms)
  ✓  18 [chromium] › tests/e2e/graph-access.spec.ts:242:7 › text view preserves selected detail: job:tillster-it-strategic-analyst (152ms)
  ✓  19 [chromium] › tests/e2e/homepage.spec.ts:4:7 › homepage fits 320px (335ms)
  ✓  20 [chromium] › tests/e2e/homepage.spec.ts:4:7 › homepage fits 390px (309ms)
  ✓  21 [chromium] › tests/e2e/homepage.spec.ts:4:7 › homepage fits 430px (334ms)
  ✓  22 [chromium] › tests/e2e/homepage.spec.ts:20:5 › homepage fits with 200% text (510ms)

  22 passed (38.4s)
Done in 39.13s.
