yarn run v1.22.22
warning Skipping preferred cache folder "/Users/andrew/Library/Caches/Yarn" because it is not writable.
warning Selected the next writable cache folder in the list, will be "/var/folders/hs/l485k2rx4y57w7j3qscsjmsm0000gn/T/.yarn-cache-501".
$ yarn compile && yarn next build
warning Cannot find a suitable global folder. Tried these: "/usr/local, /Users/andrew/.yarn"
warning Skipping preferred cache folder "/Users/andrew/Library/Caches/Yarn" because it is not writable.
warning Selected the next writable cache folder in the list, will be "/var/folders/hs/l485k2rx4y57w7j3qscsjmsm0000gn/T/.yarn-cache-501".
$ tsc --noEmit --incremental false
warning Cannot find a suitable global folder. Tried these: "/usr/local, /Users/andrew/.yarn"
warning Skipping preferred cache folder "/Users/andrew/Library/Caches/Yarn" because it is not writable.
warning Selected the next writable cache folder in the list, will be "/var/folders/hs/l485k2rx4y57w7j3qscsjmsm0000gn/T/.yarn-cache-501".
$ /Users/andrew/Scripts/react-resume/.worktrees/design-ux-remediation/node_modules/.bin/next build
warning Cannot find a suitable global folder. Tried these: "/usr/local, /Users/andrew/.yarn"
   Linting and checking validity of types ...
   ▲ Next.js 14.0.3

   Creating an optimized production build ...
 ✓ Compiled successfully
   Collecting page data ...
   Generating static pages (0/5) ...
   Generating static pages (1/5) 
   Generating static pages (2/5) 
   Generating static pages (3/5) 
 ✓ Generating static pages (5/5) 
   Finalizing page optimization ...
   Collecting build traces ...

Route (pages)                              Size     First Load JS
┌ ○ /                                      47.5 kB         138 kB
├   /_app                                  0 B            79.3 kB
├ ○ /404                                   180 B          79.5 kB
├ ○ /graph                                 23.5 kB         114 kB
└ ○ /stats                                 6.16 kB        96.7 kB
+ First Load JS shared by all              91.3 kB
  ├ chunks/framework-66d32731bdd20e83.js   45.2 kB
  ├ chunks/main-5d77cecfe18a5947.js        31.8 kB
  ├ chunks/pages/_app-45be56fe50b3f6bb.js  463 B
  ├ chunks/webpack-746a140ff2f5de2e.js     1.89 kB
  └ css/2504ee979067726e.css               12 kB

○  (Static)  prerendered as static content

$ yarn next-sitemap
warning Cannot find a suitable global folder. Tried these: "/usr/local, /Users/andrew/.yarn"
warning Skipping preferred cache folder "/Users/andrew/Library/Caches/Yarn" because it is not writable.
warning Selected the next writable cache folder in the list, will be "/var/folders/hs/l485k2rx4y57w7j3qscsjmsm0000gn/T/.yarn-cache-501".
$ /Users/andrew/Scripts/react-resume/.worktrees/design-ux-remediation/node_modules/.bin/next-sitemap
warning Cannot find a suitable global folder. Tried these: "/usr/local, /Users/andrew/.yarn"
✨ [next-sitemap] Loading next-sitemap config: file:///Users/andrew/Scripts/react-resume/.worktrees/design-ux-remediation/next-sitemap.config.js
✅ [next-sitemap] Generation completed
┌───────────────┬────────┐
│ (index)       │ Values │
├───────────────┼────────┤
│ indexSitemaps │ 1      │
│ sitemaps      │ 1      │
└───────────────┴────────┘
-----------------------------------------------------
 SITEMAP INDICES 
-----------------------------------------------------

   ○ https://andrewmalvani.com/sitemap.xml


-----------------------------------------------------
 SITEMAPS 
-----------------------------------------------------

   ○ https://andrewmalvani.com/sitemap-0.xml


Done in 11.35s.
