yarn run v1.22.22
$ playwright test tests/e2e/graph-discovery.spec.ts --project=chromium --grep 'informational labels readable at 1280'

Running 1 test using 1 worker

  ✘  1 [chromium] › tests/e2e/graph-discovery.spec.ts:202:7 › canonical overview keeps informational labels readable at 1280px (15.9s)


  1) [chromium] › tests/e2e/graph-discovery.spec.ts:202:7 › canonical overview keeps informational labels readable at 1280px 

    Error: expect(received).toBeGreaterThanOrEqual(expected)

    Expected: >= 12
    Received:    4.441795562457421

      329 |     });
      330 |     expect(hovered.length).toBeGreaterThan(0);
    > 331 |     expect(Math.min(...hovered.map(draw => draw.height))).toBeGreaterThanOrEqual(12);
          |                                                           ^
      332 |   });
      333 | }
      334 |
        at /Users/andrew/Scripts/react-resume/.worktrees/design-ux-remediation/tests/e2e/graph-discovery.spec.ts:331:59

    attachment #3: screenshot (image/png) ──────────────────────────────────────────────────────────
    test-results/e2e-graph-discovery-canoni-943c6-l-labels-readable-at-1280px-chromium/test-failed-1.png
    ────────────────────────────────────────────────────────────────────────────────────────────────

    Error Context: test-results/e2e-graph-discovery-canoni-943c6-l-labels-readable-at-1280px-chromium/error-context.md

    attachment #5: trace (application/zip) ─────────────────────────────────────────────────────────
    test-results/e2e-graph-discovery-canoni-943c6-l-labels-readable-at-1280px-chromium/trace.zip
    Usage:

        yarn playwright show-trace test-results/e2e-graph-discovery-canoni-943c6-l-labels-readable-at-1280px-chromium/trace.zip

    ────────────────────────────────────────────────────────────────────────────────────────────────

  1 failed
    [chromium] › tests/e2e/graph-discovery.spec.ts:202:7 › canonical overview keeps informational labels readable at 1280px 
error Command failed with exit code 1.
info Visit https://yarnpkg.com/en/docs/cli/run for documentation about this command.
