yarn run v1.22.22
$ playwright test tests/e2e/graph-discovery.spec.ts tests/e2e/graph-access.spec.ts tests/e2e/graph-layout.spec.ts tests/e2e/motion.spec.ts --project=chromium

Running 45 tests using 1 worker

  ✓   1 [chromium] › tests/e2e/graph-access.spec.ts:44:7 › invalid graph link remains usable: #node=% (1.4s)
  ✓   2 [chromium] › tests/e2e/graph-access.spec.ts:44:7 › invalid graph link remains usable: #node=%E0%A4%A (1.1s)
  ✓   3 [chromium] › tests/e2e/graph-access.spec.ts:44:7 › invalid graph link remains usable: #node=unknown (1.0s)
  ✓   4 [chromium] › tests/e2e/graph-access.spec.ts:44:7 › invalid graph link remains usable: #other (931ms)
  ✓   5 [chromium] › tests/e2e/graph-access.spec.ts:56:5 › valid deep link survives view switches without mount history entries (3.5s)
  ✓   6 [chromium] › tests/e2e/graph-access.spec.ts:82:5 › chosen text view exposes ordinary keyboard-operable disclosures and connection navigation (635ms)
  ✓   7 [chromium] › tests/e2e/graph-access.spec.ts:109:5 › 3D tab order contains visible entry and connection controls, with no hidden list (2.2s)
  ✓   8 [chromium] › tests/e2e/graph-access.spec.ts:135:7 › denied hint storage getItem remains recoverable (1.3s)
  ✓   9 [chromium] › tests/e2e/graph-access.spec.ts:135:7 › denied hint storage setItem remains recoverable (1.3s)
  ✓  10 [chromium] › tests/e2e/graph-access.spec.ts:135:7 › denied hint storage removeItem remains recoverable (1.2s)
  ✓  11 [chromium] › tests/e2e/graph-access.spec.ts:135:7 › denied hint storage getter remains recoverable (1.3s)
  ✓  12 [chromium] › tests/e2e/graph-access.spec.ts:168:5 › unavailable WebGL overrides an explicit 3D request and preserves selection (215ms)
  ✓  13 [chromium] › tests/e2e/graph-access.spec.ts:186:5 › unknown view values use the supported default (955ms)
  ✓  14 [chromium] › tests/e2e/graph-access.spec.ts:193:5 › browser mode navigation moves focus out of the view being removed (1.9s)
  ✓  15 [chromium] › tests/e2e/graph-access.spec.ts:210:7 › mobile graphics › slow graphics falls back to text with the selected content and persistent focus (3.6s)
  ✓  16 [chromium] › tests/e2e/graph-access.spec.ts:232:5 › unescaped valid deep links do not add a history entry during mount (587ms)
  ✓  17 [chromium] › tests/e2e/graph-access.spec.ts:244:7 › text view preserves selected detail: skill:python (149ms)
  ✓  18 [chromium] › tests/e2e/graph-access.spec.ts:244:7 › text view preserves selected detail: job:tillster-it-strategic-analyst (146ms)
  ✓  19 [chromium] › tests/e2e/graph-access.spec.ts:250:5 › selection-only history recovers focus from disappearing text connections (279ms)
  ✓  20 [chromium] › tests/e2e/graph-access.spec.ts:271:5 › selection-only history recovers text connection focus when deselecting (1.4s)
  ✓  21 [chromium] › tests/e2e/graph-access.spec.ts:288:7 › selection-only history keeps focus on a persistent entry control (225ms)
  ✓  22 [chromium] › tests/e2e/graph-access.spec.ts:288:7 › selection-only history keeps focus on a persistent mode control (283ms)
  ✓  23 [chromium] › tests/e2e/graph-discovery.spec.ts:10:7 › direct search preserves evidence, focus and native input keys in list (734ms)
  ✓  24 [chromium] › tests/e2e/graph-discovery.spec.ts:10:7 › direct search preserves evidence, focus and native input keys in 3d (3.1s)
  ✓  25 [chromium] › tests/e2e/graph-discovery.spec.ts:58:7 › system overview clears the trail and repeated requests recover the real camera after orbit and zoom (16.5s)
  ✓  26 [chromium] › tests/e2e/graph-discovery.spec.ts:58:7 › manual overview clears the trail and repeated requests recover the real camera after orbit and zoom (17.2s)
  ✓  27 [chromium] › tests/e2e/graph-discovery.spec.ts:58:7 › animated overview clears the trail and repeated requests recover the real camera after orbit and zoom (21.0s)
  ✓  28 [chromium] › tests/e2e/graph-discovery.spec.ts:148:5 › search counts the full graph, matches normalized descriptions, and every existing node remains deep-linkable (570ms)
  ✓  29 [chromium] › tests/e2e/graph-discovery.spec.ts:172:5 › a phone visitor can follow skill evidence across views and recover overview (3.3s)
  ✓  30 [chromium] › tests/e2e/graph-layout.spec.ts:109:7 › graph controls and selected details remain usable at 320x720 (3.8s)
  ✓  31 [chromium] › tests/e2e/graph-layout.spec.ts:109:7 › graph controls and selected details remain usable at 390x844 (4.0s)
  ✓  32 [chromium] › tests/e2e/graph-layout.spec.ts:109:7 › graph controls and selected details remain usable at 844x390 (2.2s)
  ✓  33 [chromium] › tests/e2e/graph-layout.spec.ts:109:7 › graph controls and selected details remain usable at 1280x900 (3.2s)
  ✓  34 [chromium] › tests/e2e/graph-layout.spec.ts:157:5 › a long achievement heading wraps completely in phone 3D view (983ms)
  ✓  35 [chromium] › tests/e2e/graph-layout.spec.ts:169:5 › the real canvas follows the space left by disclosures and viewport changes (1.4s)
  ✓  36 [chromium] › tests/e2e/graph-layout.spec.ts:189:5 › 200% text keeps graph navigation readable and reachable at 320 CSS pixels (1.0s)
  ✓  37 [chromium] › tests/e2e/graph-layout.spec.ts:215:5 › small graph information meets contrast on its rendered surfaces (2.8s)
  ✓  38 [chromium] › tests/e2e/graph-layout.spec.ts:263:7 › system reduced motion reveals selected details without panel translation (1.6s)
  ✓  39 [chromium] › tests/e2e/graph-layout.spec.ts:263:7 › manual reduced motion reveals selected details without panel translation (1.9s)
  ✓  40 [chromium] › tests/e2e/graph-layout.spec.ts:289:7 › mobile performance focus recovery › performance fallback preserves focus outside the disappearing graph experience (3.5s)
  ✓  41 [chromium] › tests/e2e/graph-layout.spec.ts:303:7 › mobile performance focus recovery › vertical scrolling on selected details does not scan connections (906ms)
  ✓  42 [chromium] › tests/e2e/motion.spec.ts:40:5 › particles clear on live reduction and resume with one draw per frame (1.8s)
  ✓  43 [chromium] › tests/e2e/motion.spec.ts:95:5 › an initially reduced visit keeps particles clear and menu usable without sliding (633ms)
  ✓  44 [chromium] › tests/e2e/motion.spec.ts:110:5 › live reduction immediately exposes pending reveals and disables menu movement (763ms)
  ✓  45 [chromium] › tests/e2e/motion.spec.ts:135:5 › particles retain offscreen and background visibility gates across preference changes (1.3s)

  45 passed (2.0m)
Done in 123.44s.
