test_payload_import_does_not_load_the_sdk (test_packaging.PackagingTests.test_payload_import_does_not_load_the_sdk) ... ok
test_terraform_explicit_sources_form_an_importable_archive (test_packaging.PackagingTests.test_terraform_explicit_sources_form_an_importable_archive) ... ok
test_workflow_bootstrap_and_code_update_include_only_runtime_modules (test_packaging.PackagingTests.test_workflow_bootstrap_and_code_update_include_only_runtime_modules) ... ok
test_absent_observations_do_not_become_zero_traffic (test_payload.PayloadTests.test_absent_observations_do_not_become_zero_traffic) ... ok
test_bad_optional_aggregate_counts_do_not_fabricate_daily_zero (test_payload.PayloadTests.test_bad_optional_aggregate_counts_do_not_fabricate_daily_zero) ... ok
test_daily_uniques_are_summed_and_country_requests_keep_zone_units (test_payload.PayloadTests.test_daily_uniques_are_summed_and_country_requests_keep_zone_units) ... ok
test_explicit_zero_and_yesterday_are_measurements_but_today_is_excluded (test_payload.PayloadTests.test_explicit_zero_and_yesterday_are_measurements_but_today_is_excluded) ... ok
test_legacy_types_and_source_metadata_are_preserved_without_invented_bounds (test_payload.PayloadTests.test_legacy_types_and_source_metadata_are_preserved_without_invented_bounds) ... ok
test_public_labels_floor_and_counts_remain_bounded (test_payload.PayloadTests.test_public_labels_floor_and_counts_remain_bounded) ... ok
test_absent_configuration_is_unavailable_not_successful_zero (test_source_failures.SourceFailureTests.test_absent_configuration_is_unavailable_not_successful_zero) ... ok
test_api_error_and_malformed_or_empty_results_are_source_failures (test_source_failures.SourceFailureTests.test_api_error_and_malformed_or_empty_results_are_source_failures) ... ok
test_cloudfront_failure_does_not_invent_its_success_from_cloudflare (test_source_failures.SourceFailureTests.test_cloudfront_failure_does_not_invent_its_success_from_cloudflare) ... ok
test_daily_storage_failure_preserves_publishable_independent_data (test_source_failures.SourceFailureTests.test_daily_storage_failure_preserves_publishable_independent_data) ... ok
test_denied_token_read_still_publishes_documents_before_alarm (test_source_failures.SourceFailureTests.test_denied_token_read_still_publishes_documents_before_alarm) ... ok
test_failure_preserves_prior_success_and_coverage (test_source_failures.SourceFailureTests.test_failure_preserves_prior_success_and_coverage) ... ok
test_legacy_measurements_keep_actual_coverage_without_invented_success_date (test_source_failures.SourceFailureTests.test_legacy_measurements_keep_actual_coverage_without_invented_success_date) ... ok
test_malformed_token_and_response_bytes_are_recoverable (test_source_failures.SourceFailureTests.test_malformed_token_and_response_bytes_are_recoverable) ... ok
test_missing_total_does_not_present_daily_subset_as_zero_total (test_source_failures.SourceFailureTests.test_missing_total_does_not_present_daily_subset_as_zero_total) ... ok
test_partial_configuration_is_alarm_worthy_but_recoverable (test_source_failures.SourceFailureTests.test_partial_configuration_is_alarm_worthy_but_recoverable) ... ok
test_recovery_after_failure_keeps_actual_earliest_measurement (test_source_failures.SourceFailureTests.test_recovery_after_failure_keeps_actual_earliest_measurement) ... ok
test_recovery_and_genuine_zero_advance_only_the_successful_source (test_source_failures.SourceFailureTests.test_recovery_and_genuine_zero_advance_only_the_successful_source) ... ok
test_transport_timeout_still_publishes_documents (test_source_failures.SourceFailureTests.test_transport_timeout_still_publishes_documents) ... ok
test_truncated_and_object_error_passes_do_not_advance_cloudfront_success (test_source_failures.SourceFailureTests.test_truncated_and_object_error_passes_do_not_advance_cloudfront_success) ... ok
test_valid_day_is_not_written_before_later_malformed_day_is_rejected (test_source_failures.SourceFailureTests.test_valid_day_is_not_written_before_later_malformed_day_is_rejected) ... ok

----------------------------------------------------------------------
Ran 24 tests in 0.513s

OK
