test_active_input_resumes_before_newly_arrived_earlier_key (test_ingestion.IngestionTests.test_active_input_resumes_before_newly_arrived_earlier_key) ... ok
test_between_complete_inputs_keeps_progress_without_partial_pass_publication (test_ingestion.IngestionTests.test_between_complete_inputs_keeps_progress_without_partial_pass_publication) ... ok
test_changed_completed_object_fails_without_second_publication (test_ingestion.IngestionTests.test_changed_completed_object_fails_without_second_publication) ... ok
test_consistent_filtered_scan_keeps_ledger_out_and_latest_counts_in (test_ingestion.IngestionTests.test_consistent_filtered_scan_keeps_ledger_out_and_latest_counts_in) ... ok
test_cursor_rewind_never_moves_checkpoint_backwards (test_ingestion.IngestionTests.test_cursor_rewind_never_moves_checkpoint_backwards) ... ok
test_disappeared_partial_input_still_blocks_later_publication (test_ingestion.IngestionTests.test_disappeared_partial_input_still_blocks_later_publication) ... ok
test_final_record_failure_prohibits_publication_and_cursor_then_retry_recovers (test_ingestion.IngestionTests.test_final_record_failure_prohibits_publication_and_cursor_then_retry_recovers) ... ok
test_later_legacy_or_completed_keys_cannot_skip_missing_active_input (test_ingestion.IngestionTests.test_later_legacy_or_completed_keys_cannot_skip_missing_active_input) ... ok
test_legacy_marked_objects_never_reparse_or_change_historical_counts (test_ingestion.IngestionTests.test_legacy_marked_objects_never_reparse_or_change_historical_counts) ... ok
test_malformed_records_do_not_establish_zero_and_oversized_referrer_is_dropped (test_ingestion.IngestionTests.test_malformed_records_do_not_establish_zero_and_oversized_referrer_is_dropped) ... ok
test_real_handler_budget_inside_input_keeps_checkpoint_and_resumes (test_ingestion.IngestionTests.test_real_handler_budget_inside_input_keeps_checkpoint_and_resumes) ... ok
test_real_handler_interruption_preserves_public_payload_then_recovers_once (test_ingestion.IngestionTests.test_real_handler_interruption_preserves_public_payload_then_recovers_once) ... ok
test_real_handler_only_actual_dated_records_establish_zero (test_ingestion.IngestionTests.test_real_handler_only_actual_dated_records_establish_zero) ... ok
test_active_guard_write_failure_and_lost_response_recover_with_strong_proof (test_ledger.LedgerTests.test_active_guard_write_failure_and_lost_response_recover_with_strong_proof) ... ok
test_bucket_is_part_of_identity_and_empty_input_has_durable_completion (test_ledger.LedgerTests.test_bucket_is_part_of_identity_and_empty_input_has_durable_completion) ... ok
test_budget_exhaustion_before_or_inside_input_preserves_recovery (test_ledger.LedgerTests.test_budget_exhaustion_before_or_inside_input_preserves_recovery) ... ok
test_changed_mapping_rejected_after_partial_or_complete_input (test_ledger.LedgerTests.test_changed_mapping_rejected_after_partial_or_complete_input) ... ok
test_committed_chunk_with_lost_response_is_verified_without_double_add (test_ledger.LedgerTests.test_committed_chunk_with_lost_response_is_verified_without_double_add) ... ok
test_completion_commit_with_lost_response_is_verified (test_ledger.LedgerTests.test_completion_commit_with_lost_response_is_verified) ... ok
test_completion_record_before_commit_failure_then_recovery (test_ledger.LedgerTests.test_completion_record_before_commit_failure_then_recovery) ... ok
test_conditional_record_conflict_cannot_commit_counter_updates (test_ledger.LedgerTests.test_conditional_record_conflict_cannot_commit_counter_updates) ... ok
test_corrupt_active_guard_blocks_publication_instead_of_disappearing (test_ledger.LedgerTests.test_corrupt_active_guard_blocks_publication_instead_of_disappearing) ... ok
test_corrupt_chunk_record_never_counts_as_matching_commit (test_ledger.LedgerTests.test_corrupt_chunk_record_never_counts_as_matching_commit) ... ok
test_counter_key_number_and_request_bounds_rejected_before_writes (test_ledger.LedgerTests.test_counter_key_number_and_request_bounds_rejected_before_writes) ... ok
test_failure_before_any_commit_then_exact_recovery (test_ledger.LedgerTests.test_failure_before_any_commit_then_exact_recovery) ... ok
test_failure_between_chunks_then_exact_recovery (test_ledger.LedgerTests.test_failure_between_chunks_then_exact_recovery) ... ok
test_legacy_marker_is_never_replayed (test_ledger.LedgerTests.test_legacy_marker_is_never_replayed) ... ok
test_normal_processing_and_replay_more_than_180_counters (test_ledger.LedgerTests.test_normal_processing_and_replay_more_than_180_counters) ... ok
test_supplied_digest_is_verified_before_any_write (test_ledger.LedgerTests.test_supplied_digest_is_verified_before_any_write) ... ok
test_unresolved_other_input_cannot_replace_active_guard (test_ledger.LedgerTests.test_unresolved_other_input_cannot_replace_active_guard) ... ok
test_extracted_archive_runs_all_recovery_tests (test_packaging.PackagingTests.test_extracted_archive_runs_all_recovery_tests) ... ok
test_payload_import_does_not_load_the_sdk (test_packaging.PackagingTests.test_payload_import_does_not_load_the_sdk) ... ok
test_terraform_explicit_sources_form_an_importable_archive (test_packaging.PackagingTests.test_terraform_explicit_sources_form_an_importable_archive) ... ok
test_workflow_bootstrap_and_code_update_include_only_runtime_modules (test_packaging.PackagingTests.test_workflow_bootstrap_and_code_update_include_only_runtime_modules) ... ok
test_absent_observations_do_not_become_zero_traffic (test_payload.PayloadTests.test_absent_observations_do_not_become_zero_traffic) ... ok
test_bad_optional_aggregate_counts_do_not_fabricate_daily_zero (test_payload.PayloadTests.test_bad_optional_aggregate_counts_do_not_fabricate_daily_zero) ... ok
test_checkpoint_validation_enforces_private_record_and_public_bounds (test_payload.PayloadTests.test_checkpoint_validation_enforces_private_record_and_public_bounds) ... ok
test_daily_uniques_are_summed_and_country_requests_keep_zone_units (test_payload.PayloadTests.test_daily_uniques_are_summed_and_country_requests_keep_zone_units) ... ok
test_explicit_zero_and_yesterday_are_measurements_but_today_is_excluded (test_payload.PayloadTests.test_explicit_zero_and_yesterday_are_measurements_but_today_is_excluded) ... ok
test_legacy_types_and_source_metadata_are_preserved_without_invented_bounds (test_payload.PayloadTests.test_legacy_types_and_source_metadata_are_preserved_without_invented_bounds) ... ok
test_public_labels_floor_and_counts_remain_bounded (test_payload.PayloadTests.test_public_labels_floor_and_counts_remain_bounded) ... ok
test_absent_configuration_is_unavailable_not_successful_zero (test_source_failures.SourceFailureTests.test_absent_configuration_is_unavailable_not_successful_zero) ... ok
test_api_error_and_malformed_or_empty_results_are_source_failures (test_source_failures.SourceFailureTests.test_api_error_and_malformed_or_empty_results_are_source_failures) ... ok
test_checkpoint_acceptance_failure_keeps_projection_and_metadata_atomic (test_source_failures.SourceFailureTests.test_checkpoint_acceptance_failure_keeps_projection_and_metadata_atomic) ... ok
test_checkpoint_bootstrap_failure_prevents_daily_writes_even_if_committed (test_source_failures.SourceFailureTests.test_checkpoint_bootstrap_failure_prevents_daily_writes_even_if_committed) ... ok
test_cloudfront_failure_preserves_prior_publication_and_does_not_query_cloudflare (test_source_failures.SourceFailureTests.test_cloudfront_failure_preserves_prior_publication_and_does_not_query_cloudflare) ... ok
test_daily_storage_failure_preserves_publishable_independent_data (test_source_failures.SourceFailureTests.test_daily_storage_failure_preserves_publishable_independent_data) ... ok
test_denied_token_read_still_publishes_documents_before_alarm (test_source_failures.SourceFailureTests.test_denied_token_read_still_publishes_documents_before_alarm) ... ok
test_failure_preserves_prior_success_and_coverage (test_source_failures.SourceFailureTests.test_failure_preserves_prior_success_and_coverage) ... ok
test_incomplete_cloudfront_pass_does_not_advance_any_source_or_publish (test_source_failures.SourceFailureTests.test_incomplete_cloudfront_pass_does_not_advance_any_source_or_publish) ... ok
test_legacy_measurements_keep_actual_coverage_without_invented_success_date (test_source_failures.SourceFailureTests.test_legacy_measurements_keep_actual_coverage_without_invented_success_date) ... ok
test_malformed_or_missing_projection_does_not_promote_partial_rows (test_source_failures.SourceFailureTests.test_malformed_or_missing_projection_does_not_promote_partial_rows) ... ok
test_malformed_token_and_response_bytes_are_recoverable (test_source_failures.SourceFailureTests.test_malformed_token_and_response_bytes_are_recoverable) ... ok
test_missing_total_does_not_present_daily_subset_as_zero_total (test_source_failures.SourceFailureTests.test_missing_total_does_not_present_daily_subset_as_zero_total) ... ok
test_partial_configuration_is_alarm_worthy_but_recoverable (test_source_failures.SourceFailureTests.test_partial_configuration_is_alarm_worthy_but_recoverable) ... ok
test_partial_second_write_and_repeated_failure_keep_prior_dataset (test_source_failures.SourceFailureTests.test_partial_second_write_and_repeated_failure_keep_prior_dataset) ... ok
test_recovery_after_failure_keeps_actual_earliest_measurement (test_source_failures.SourceFailureTests.test_recovery_after_failure_keeps_actual_earliest_measurement) ... ok
test_recovery_and_genuine_zero_advance_only_the_successful_source (test_source_failures.SourceFailureTests.test_recovery_and_genuine_zero_advance_only_the_successful_source) ... ok
test_transport_timeout_still_publishes_documents (test_source_failures.SourceFailureTests.test_transport_timeout_still_publishes_documents) ... ok
test_valid_day_is_not_written_before_later_malformed_day_is_rejected (test_source_failures.SourceFailureTests.test_valid_day_is_not_written_before_later_malformed_day_is_rejected) ... ok

----------------------------------------------------------------------
Ran 60 tests in 2.677s

OK
Extracted archive recovery matrix: .................................................
----------------------------------------------------------------------
Ran 49 tests in 1.029s

OK
