TAP version 13
# Subtest: a failed command piped to tee fails the actual archive-build workflow step
not ok 1 - a failed command piped to tee fails the actual archive-build workflow step
  ---
  duration_ms: 284.971083
  type: 'test'
  location: '/Users/andrew/Scripts/react-resume/.worktrees/design-ux-remediation/scripts/tests/workflow-pipelines.test.mjs:31:1'
  failureType: 'testCodeFailure'
  error: |-
    The failing producer was hidden by tee:
    synthetic archive failure
    
    
    0 !== 23
    
  code: 'ERR_ASSERTION'
  name: 'AssertionError'
  expected: 23
  actual: 0
  operator: 'strictEqual'
  stack: |-
    TestContext.<anonymous> (file:///Users/andrew/Scripts/react-resume/.worktrees/design-ux-remediation/scripts/tests/workflow-pipelines.test.mjs:47:12)
    Test.runInAsyncScope (node:async_hooks:214:14)
    Test.run (node:internal/test_runner/test:1047:25)
    Test.start (node:internal/test_runner/test:944:17)
    startSubtestAfterBootstrap (node:internal/test_runner/harness:296:17)
  ...
# Subtest: a failed producer in the actual deployment digest pipeline stops the step
not ok 2 - a failed producer in the actual deployment digest pipeline stops the step
  ---
  duration_ms: 539.75125
  type: 'test'
  location: '/Users/andrew/Scripts/react-resume/.worktrees/design-ux-remediation/scripts/tests/workflow-pipelines.test.mjs:54:1'
  failureType: 'testCodeFailure'
  error: |-
    The failing digest producer was hidden by its pipeline:
    synthetic digest failure
    
    
    0 !== 23
    
  code: 'ERR_ASSERTION'
  name: 'AssertionError'
  expected: 23
  actual: 0
  operator: 'strictEqual'
  stack: |-
    TestContext.<anonymous> (file:///Users/andrew/Scripts/react-resume/.worktrees/design-ux-remediation/scripts/tests/workflow-pipelines.test.mjs:78:12)
    Test.runInAsyncScope (node:async_hooks:214:14)
    Test.run (node:internal/test_runner/test:1047:25)
    Test.processPendingSubtests (node:internal/test_runner/test:744:18)
    Test.postRun (node:internal/test_runner/test:1173:19)
    Test.run (node:internal/test_runner/test:1101:12)
    async startSubtestAfterBootstrap (node:internal/test_runner/harness:296:3)
  ...
1..2
# tests 2
# suites 0
# pass 0
# fail 2
# cancelled 0
# skipped 0
# todo 0
# duration_ms 868.882959
