TAP version 13
# Subtest: a failed command piped to tee fails the actual archive-build workflow step
ok 1 - a failed command piped to tee fails the actual archive-build workflow step
  ---
  duration_ms: 190.75775
  type: 'test'
  ...
# Subtest: a failed producer in the actual deployment digest pipeline stops the step
ok 2 - a failed producer in the actual deployment digest pipeline stops the step
  ---
  duration_ms: 314.885417
  type: 'test'
  ...
1..2
# tests 2
# suites 0
# pass 2
# fail 0
# cancelled 0
# skipped 0
# todo 0
# duration_ms 548.4105
