TAP version 13
# Subtest: a failed command piped to tee fails the actual archive-build workflow step
not ok 1 - a failed command piped to tee fails the actual archive-build workflow step
  ---
  duration_ms: 2.401375
  type: 'test'
  location: '/Users/andrew/Scripts/react-resume/.worktrees/design-ux-remediation/scripts/tests/workflow-pipelines.test.mjs:29:1'
  failureType: 'testCodeFailure'
  error: 'Expected a multiline run command for: Build deterministic Lambda archives'
  code: 'ERR_ASSERTION'
  name: 'AssertionError'
  expected: true
  actual: ~
  operator: '=='
  stack: |-
    runStep (file:///Users/andrew/Scripts/react-resume/.worktrees/design-ux-remediation/scripts/tests/workflow-pipelines.test.mjs:16:10)
    TestContext.<anonymous> (file:///Users/andrew/Scripts/react-resume/.worktrees/design-ux-remediation/scripts/tests/workflow-pipelines.test.mjs:38:27)
    Test.runInAsyncScope (node:async_hooks:214:14)
    Test.run (node:internal/test_runner/test:1047:25)
    Test.start (node:internal/test_runner/test:944:17)
    startSubtestAfterBootstrap (node:internal/test_runner/harness:296:17)
  ...
1..1
# tests 1
# suites 0
# pass 0
# fail 1
# cancelled 0
# skipped 0
# todo 0
# duration_ms 41.813708
