TAP version 13
# file:///Users/andrew/Scripts/react-resume/.worktrees/design-ux-remediation/scripts/tests/analytics-release.test.mjs:9
# import {analyticsPlanChange, requiresReaderBeforeApply, verifyPublicReader} from '../verify_public_stats_reader.mjs';
#         ^^^^^^^^^^^^^^^^^^^
# SyntaxError: The requested module '../verify_public_stats_reader.mjs' does not provide an export named 'analyticsPlanChange'
#     at ModuleJob._instantiate (node:internal/modules/esm/module_job:182:21)
#     at async ModuleJob.run (node:internal/modules/esm/module_job:266:5)
#     at async onImport.tracePromise.__proto__ (node:internal/modules/esm/loader:644:26)
#     at async asyncRunEntryPointWithESMLoader (node:internal/modules/run_main:117:5)
# Node.js v22.16.0
# Subtest: scripts/tests/analytics-release.test.mjs
not ok 1 - scripts/tests/analytics-release.test.mjs
  ---
  duration_ms: 78.314125
  type: 'test'
  location: '/Users/andrew/Scripts/react-resume/.worktrees/design-ux-remediation/scripts/tests/analytics-release.test.mjs:1:1'
  failureType: 'testCodeFailure'
  exitCode: 1
  signal: ~
  error: 'test failed'
  code: 'ERR_TEST_FAILURE'
  ...
1..1
# tests 1
# suites 0
# pass 0
# fail 1
# cancelled 0
# skipped 0
# todo 0
# duration_ms 85.421083
