TAP version 13
# Subtest: missing or invalid bucket blocks the CLI before any AWS subprocess
not ok 1 - missing or invalid bucket blocks the CLI before any AWS subprocess
  ---
  duration_ms: 722.039083
  type: 'test'
  location: '/Users/andrew/Scripts/react-resume/.worktrees/design-ux-remediation/scripts/tests/static-publication.test.mjs:120:1'
  failureType: 'testCodeFailure'
  error: 'Expected "actual" to be strictly unequal to: 0'
  code: 'ERR_ASSERTION'
  name: 'AssertionError'
  expected: 0
  actual: 0
  operator: 'notStrictEqual'
  stack: |-
    TestContext.<anonymous> (file:///Users/andrew/Scripts/react-resume/.worktrees/design-ux-remediation/scripts/tests/static-publication.test.mjs:135:12)
    Test.runInAsyncScope (node:async_hooks:214:14)
    Test.run (node:internal/test_runner/test:1047:25)
    Test.start (node:internal/test_runner/test:944:17)
    startSubtestAfterBootstrap (node:internal/test_runner/harness:296:17)
  ...
1..1
# tests 1
# suites 0
# pass 0
# fail 1
# cancelled 0
# skipped 0
# todo 0
# duration_ms 779.762916
