CAPTURE menu-320 {"width":320,"height":844,"scrollWidth":320,"scrollY":8872}
CAPTURE contact-anchor-320 {"width":320,"height":844,"scrollWidth":320,"scrollY":8872}
CAPTURE contact-invalid-320 {"width":320,"height":844,"scrollWidth":320,"scrollY":8872}
CAPTURE contact-pending-320 {"width":320,"height":844,"scrollWidth":320,"scrollY":8872}
CAPTURE contact-uncertain-320 {"width":320,"height":844,"scrollWidth":320,"scrollY":8872}
CAPTURE home-390 {"width":390,"height":844,"scrollWidth":390,"scrollY":0}
CAPTURE resume-390 {"width":390,"height":844,"scrollWidth":390,"scrollY":1533}
CAPTURE portfolio-390 {"width":390,"height":844,"scrollWidth":390,"scrollY":6170}
CAPTURE contact-390 {"width":390,"height":844,"scrollWidth":390,"scrollY":8349}
CAPTURE home-430 {"width":430,"height":932,"scrollWidth":430,"scrollY":0}
CAPTURE resume-430 {"width":430,"height":932,"scrollWidth":430,"scrollY":1621}
CAPTURE portfolio-430 {"width":430,"height":932,"scrollWidth":430,"scrollY":5990}
CAPTURE contact-430 {"width":430,"height":932,"scrollWidth":430,"scrollY":8200}
CAPTURE home-844 {"width":844,"height":390,"scrollWidth":844,"scrollY":0}
CAPTURE resume-844 {"width":844,"height":390,"scrollWidth":844,"scrollY":1096}
CAPTURE portfolio-844 {"width":844,"height":390,"scrollWidth":844,"scrollY":4283}
CAPTURE contact-844 {"width":844,"height":390,"scrollWidth":844,"scrollY":5779}
CAPTURE home-text200 {"width":390,"height":844,"scrollWidth":478,"scrollY":1533}
CAPTURE graph-list-1280 {"width":1280,"height":900,"scrollWidth":1280,"scrollY":0}
CAPTURE graph-overview-1280 {"width":1280,"height":900,"scrollWidth":1280,"scrollY":0}
CAPTURE graph-selected-1280 {"width":1280,"height":900,"scrollWidth":1280,"scrollY":0}
CAPTURE graph-list-320 {"width":320,"height":844,"scrollWidth":320,"scrollY":0}
CAPTURE graph-overview-320 {"width":320,"height":844,"scrollWidth":320,"scrollY":270}
CAPTURE graph-selected-320 {"width":320,"height":844,"scrollWidth":320,"scrollY":95}
CAPTURE graph-list-390 {"width":390,"height":844,"scrollWidth":390,"scrollY":0}
CAPTURE graph-overview-390 {"width":390,"height":844,"scrollWidth":390,"scrollY":194}
CAPTURE graph-selected-390 {"width":390,"height":844,"scrollWidth":390,"scrollY":59}
CAPTURE graph-list-430 {"width":430,"height":932,"scrollWidth":430,"scrollY":0}
CAPTURE graph-overview-430 {"width":430,"height":932,"scrollWidth":430,"scrollY":48}
CAPTURE graph-selected-430 {"width":430,"height":932,"scrollWidth":430,"scrollY":0}
CAPTURE graph-list-844 {"width":844,"height":390,"scrollWidth":844,"scrollY":0}
CAPTURE graph-overview-844 {"width":844,"height":390,"scrollWidth":844,"scrollY":490}
CAPTURE graph-selected-844 {"width":844,"height":390,"scrollWidth":844,"scrollY":204}
CAPTURE graph-text200 {"width":390,"height":844,"scrollWidth":390,"scrollY":0}
CAPTURE stats-1280 {"width":1280,"height":900,"scrollWidth":1280,"scrollY":0}
CAPTURE stats-table-1280 {"width":1280,"height":900,"scrollWidth":1280,"scrollY":0}
CAPTURE stats-320 {"width":320,"height":844,"scrollWidth":320,"scrollY":0}
CAPTURE stats-table-320 {"width":320,"height":844,"scrollWidth":320,"scrollY":753}
CAPTURE stats-390 {"width":390,"height":844,"scrollWidth":390,"scrollY":0}
CAPTURE stats-table-390 {"width":390,"height":844,"scrollWidth":390,"scrollY":629}
CAPTURE stats-844 {"width":844,"height":390,"scrollWidth":844,"scrollY":0}
CAPTURE stats-table-844 {"width":844,"height":390,"scrollWidth":844,"scrollY":550}
CAPTURE 404-320 {"width":320,"height":844,"scrollWidth":320,"scrollY":0}
DONE 55 captures 53 contrast states []
