CAPTURE home-1280 {"width":1280,"height":900,"scrollWidth":1280,"scrollY":0}
CAPTURE about-1280 {"width":1280,"height":900,"scrollWidth":1280,"scrollY":900}
CAPTURE resume-1280 {"width":1280,"height":900,"scrollWidth":1280,"scrollY":1400}
CAPTURE portfolio-1280 {"width":1280,"height":900,"scrollWidth":1280,"scrollY":4269}
CAPTURE contact-1280 {"width":1280,"height":900,"scrollWidth":1280,"scrollY":5347}
CAPTURE home-320 {"width":320,"height":844,"scrollWidth":320,"scrollY":0}
CAPTURE about-320 {"width":320,"height":844,"scrollWidth":320,"scrollY":844}
CAPTURE resume-320 {"width":320,"height":844,"scrollWidth":320,"scrollY":1602}
CAPTURE portfolio-320 {"width":320,"height":844,"scrollWidth":320,"scrollY":6845}
CAPTURE contact-320 {"width":320,"height":844,"scrollWidth":320,"scrollY":8896}
CAPTURE home-390 {"width":390,"height":844,"scrollWidth":390,"scrollY":0}
CAPTURE about-390 {"width":390,"height":844,"scrollWidth":390,"scrollY":844}
CAPTURE resume-390 {"width":390,"height":844,"scrollWidth":390,"scrollY":1537}
CAPTURE portfolio-390 {"width":390,"height":844,"scrollWidth":390,"scrollY":6174}
CAPTURE contact-390 {"width":390,"height":844,"scrollWidth":390,"scrollY":8353}
CAPTURE home-430 {"width":430,"height":932,"scrollWidth":430,"scrollY":0}
CAPTURE about-430 {"width":430,"height":932,"scrollWidth":430,"scrollY":932}
CAPTURE resume-430 {"width":430,"height":932,"scrollWidth":430,"scrollY":1625}
CAPTURE portfolio-430 {"width":430,"height":932,"scrollWidth":430,"scrollY":5994}
CAPTURE contact-430 {"width":430,"height":932,"scrollWidth":430,"scrollY":8204}
CAPTURE home-844 {"width":844,"height":390,"scrollWidth":844,"scrollY":0}
CAPTURE about-844 {"width":844,"height":390,"scrollWidth":844,"scrollY":600}
CAPTURE resume-844 {"width":844,"height":390,"scrollWidth":844,"scrollY":1120}
CAPTURE portfolio-844 {"width":844,"height":390,"scrollWidth":844,"scrollY":4307}
CAPTURE contact-844 {"width":844,"height":390,"scrollWidth":844,"scrollY":5803}
CAPTURE text200-320-about {"width":320,"height":844,"scrollWidth":320,"scrollY":4017}
CAPTURE text200-320-date {"width":320,"height":844,"scrollWidth":320,"scrollY":19314}
CAPTURE text200-320-skills {"width":320,"height":844,"scrollWidth":320,"scrollY":20368}
CAPTURE text200-320-credential {"width":320,"height":844,"scrollWidth":320,"scrollY":24405}
CAPTURE text200-320-contact {"width":320,"height":844,"scrollWidth":320,"scrollY":31752}
CAPTURE text200-390-about {"width":390,"height":844,"scrollWidth":390,"scrollY":3220}
CAPTURE text200-390-date {"width":390,"height":844,"scrollWidth":390,"scrollY":15341}
CAPTURE text200-390-skills {"width":390,"height":844,"scrollWidth":390,"scrollY":16307}
CAPTURE text200-390-credential {"width":390,"height":844,"scrollWidth":390,"scrollY":19928}
CAPTURE text200-390-contact {"width":390,"height":844,"scrollWidth":390,"scrollY":26436}
CAPTURE text200-430-about {"width":430,"height":844,"scrollWidth":430,"scrollY":2950}
CAPTURE text200-430-date {"width":430,"height":844,"scrollWidth":430,"scrollY":13591}
CAPTURE text200-430-skills {"width":430,"height":844,"scrollWidth":430,"scrollY":14537}
CAPTURE text200-430-credential {"width":430,"height":844,"scrollWidth":430,"scrollY":17918}
CAPTURE text200-430-contact {"width":430,"height":844,"scrollWidth":430,"scrollY":24181}
CAPTURE credential-hover {"width":430,"height":844,"scrollWidth":430,"scrollY":5157}
CAPTURE graph-python-details {"width":430,"height":844,"scrollWidth":430,"scrollY":1209}
CAPTURE graph-python-3d {"width":430,"height":844,"scrollWidth":430,"scrollY":335}
CAPTURE stats {"width":430,"height":844,"scrollWidth":430,"scrollY":0}
CAPTURE stats-table {"width":430,"height":844,"scrollWidth":430,"scrollY":1119}
CAPTURE 404 {"width":430,"height":844,"scrollWidth":430,"scrollY":0}
DONE {"views":46,"errors":[],"overflow":[]}
